[2024-02-18T16:11:41.728+0000][gc,init] CardTable entry size: 512
[2024-02-18T16:11:41.728+0000][gc     ] Using G1
[2024-02-18T16:11:41.740+0000][gc,init] Version: 21.0.2+13-LTS (release)
[2024-02-18T16:11:41.740+0000][gc,init] CPUs: 2 total, 2 available
[2024-02-18T16:11:41.740+0000][gc,init] Memory: 7929M
[2024-02-18T16:11:41.740+0000][gc,init] Large Page Support: Disabled
[2024-02-18T16:11:41.740+0000][gc,init] NUMA Support: Disabled
[2024-02-18T16:11:41.740+0000][gc,init] Compressed Oops: Enabled (32-bit)
[2024-02-18T16:11:41.740+0000][gc,init] Heap Region Size: 1M
[2024-02-18T16:11:41.740+0000][gc,init] Heap Min Capacity: 1G
[2024-02-18T16:11:41.740+0000][gc,init] Heap Initial Capacity: 1G
[2024-02-18T16:11:41.740+0000][gc,init] Heap Max Capacity: 1G
[2024-02-18T16:11:41.740+0000][gc,init] Pre-touch: Disabled
[2024-02-18T16:11:41.740+0000][gc,init] Parallel Workers: 2
[2024-02-18T16:11:41.740+0000][gc,init] Concurrent Workers: 1
[2024-02-18T16:11:41.740+0000][gc,init] Concurrent Refinement Workers: 2
[2024-02-18T16:11:41.740+0000][gc,init] Periodic GC: Disabled
[2024-02-18T16:11:41.747+0000][gc,metaspace] CDS archive(s) mapped at: [0x00007f1ef7000000-0x00007f1ef7ca6000-0x00007f1ef7ca6000), size 13262848, SharedBaseAddress: 0x00007f1ef7000000, ArchiveRelocationMode: 1.
[2024-02-18T16:11:41.747+0000][gc,metaspace] Compressed class space mapped at: 0x00007f1ef8000000-0x00007f1f38000000, reserved size: 1073741824
[2024-02-18T16:11:41.747+0000][gc,metaspace] Narrow klass base: 0x00007f1ef7000000, Narrow klass shift: 0, Narrow klass range: 0x100000000
[2024-02-18T16:11:43.448+0000][gc,start    ] GC(0) Pause Young (Normal) (G1 Evacuation Pause)
[2024-02-18T16:11:43.448+0000][gc,task     ] GC(0) Using 2 workers of 2 for evacuation
[2024-02-18T16:11:43.456+0000][gc,phases   ] GC(0)   Pre Evacuate Collection Set: 0.1ms
[2024-02-18T16:11:43.456+0000][gc,phases   ] GC(0)   Merge Heap Roots: 0.1ms
[2024-02-18T16:11:43.456+0000][gc,phases   ] GC(0)   Evacuate Collection Set: 7.1ms
[2024-02-18T16:11:43.456+0000][gc,phases   ] GC(0)   Post Evacuate Collection Set: 0.3ms
[2024-02-18T16:11:43.456+0000][gc,phases   ] GC(0)   Other: 0.2ms
[2024-02-18T16:11:43.456+0000][gc,heap     ] GC(0) Eden regions: 51->0(44)
[2024-02-18T16:11:43.456+0000][gc,heap     ] GC(0) Survivor regions: 0->7(7)
[2024-02-18T16:11:43.456+0000][gc,heap     ] GC(0) Old regions: 2->2
[2024-02-18T16:11:43.456+0000][gc,heap     ] GC(0) Humongous regions: 0->0
[2024-02-18T16:11:43.456+0000][gc,metaspace] GC(0) Metaspace: 19934K(20160K)->19934K(20160K) NonClass: 17375K(17472K)->17375K(17472K) Class: 2558K(2688K)->2558K(2688K)
[2024-02-18T16:11:43.456+0000][gc          ] GC(0) Pause Young (Normal) (G1 Evacuation Pause) 52M->8M(1024M) 8.228ms
[2024-02-18T16:11:43.456+0000][gc,cpu      ] GC(0) User=0.01s Sys=0.01s Real=0.01s
[2024-02-18T16:11:43.639+0000][gc,start    ] GC(1) Pause Young (Concurrent Start) (Metadata GC Threshold)
[2024-02-18T16:11:43.639+0000][gc,task     ] GC(1) Using 2 workers of 2 for evacuation
[2024-02-18T16:11:43.657+0000][gc,phases   ] GC(1)   Pre Evacuate Collection Set: 0.3ms
[2024-02-18T16:11:43.657+0000][gc,phases   ] GC(1)   Merge Heap Roots: 0.0ms
[2024-02-18T16:11:43.657+0000][gc,phases   ] GC(1)   Evacuate Collection Set: 17.0ms
[2024-02-18T16:11:43.657+0000][gc,phases   ] GC(1)   Post Evacuate Collection Set: 0.4ms
[2024-02-18T16:11:43.657+0000][gc,phases   ] GC(1)   Other: 0.1ms
[2024-02-18T16:11:43.657+0000][gc,heap     ] GC(1) Eden regions: 6->0(49)
[2024-02-18T16:11:43.657+0000][gc,heap     ] GC(1) Survivor regions: 7->2(7)
[2024-02-18T16:11:43.657+0000][gc,heap     ] GC(1) Old regions: 2->9
[2024-02-18T16:11:43.657+0000][gc,heap     ] GC(1) Humongous regions: 129->129
[2024-02-18T16:11:43.657+0000][gc,metaspace] GC(1) Metaspace: 21274K(21504K)->21274K(21504K) NonClass: 18524K(18624K)->18524K(18624K) Class: 2750K(2880K)->2750K(2880K)
[2024-02-18T16:11:43.657+0000][gc          ] GC(1) Pause Young (Concurrent Start) (Metadata GC Threshold) 142M->138M(1024M) 18.080ms
[2024-02-18T16:11:43.657+0000][gc,cpu      ] GC(1) User=0.02s Sys=0.00s Real=0.02s
[2024-02-18T16:11:43.657+0000][gc          ] GC(2) Concurrent Mark Cycle
[2024-02-18T16:11:43.657+0000][gc,marking  ] GC(2) Concurrent Scan Root Regions
[2024-02-18T16:11:43.661+0000][gc,marking  ] GC(2) Concurrent Scan Root Regions 4.002ms
[2024-02-18T16:11:43.661+0000][gc,marking  ] GC(2) Concurrent Mark
[2024-02-18T16:11:43.661+0000][gc,marking  ] GC(2) Concurrent Mark From Roots
[2024-02-18T16:11:43.661+0000][gc,task     ] GC(2) Using 1 workers of 1 for marking
[2024-02-18T16:11:43.664+0000][gc,marking  ] GC(2) Concurrent Mark From Roots 2.281ms
[2024-02-18T16:11:43.664+0000][gc,marking  ] GC(2) Concurrent Preclean
[2024-02-18T16:11:43.664+0000][gc,marking  ] GC(2) Concurrent Preclean 0.028ms
[2024-02-18T16:11:43.664+0000][gc,start    ] GC(2) Pause Remark
[2024-02-18T16:11:43.667+0000][gc          ] GC(2) Pause Remark 138M->138M(1024M) 2.749ms
[2024-02-18T16:11:43.667+0000][gc,cpu      ] GC(2) User=0.01s Sys=0.00s Real=0.01s
[2024-02-18T16:11:43.667+0000][gc,marking  ] GC(2) Concurrent Mark 5.646ms
[2024-02-18T16:11:43.667+0000][gc,marking  ] GC(2) Concurrent Rebuild Remembered Sets and Scrub Regions
[2024-02-18T16:11:43.670+0000][gc,marking  ] GC(2) Concurrent Rebuild Remembered Sets and Scrub Regions 3.198ms
[2024-02-18T16:11:43.670+0000][gc,start    ] GC(2) Pause Cleanup
[2024-02-18T16:11:43.671+0000][gc          ] GC(2) Pause Cleanup 139M->139M(1024M) 0.232ms
[2024-02-18T16:11:43.671+0000][gc,cpu      ] GC(2) User=0.00s Sys=0.00s Real=0.00s
[2024-02-18T16:11:43.671+0000][gc,marking  ] GC(2) Concurrent Clear Claimed Marks
[2024-02-18T16:11:43.671+0000][gc,marking  ] GC(2) Concurrent Clear Claimed Marks 0.027ms
[2024-02-18T16:11:43.671+0000][gc,marking  ] GC(2) Concurrent Cleanup for Next Mark
[2024-02-18T16:11:43.688+0000][gc,marking  ] GC(2) Concurrent Cleanup for Next Mark 16.909ms
[2024-02-18T16:11:43.688+0000][gc          ] GC(2) Concurrent Mark Cycle 30.521ms
[2024-02-18T16:12:08.650+0000][gc,start    ] GC(3) Pause Young (Prepare Mixed) (G1 Evacuation Pause)
[2024-02-18T16:12:08.650+0000][gc,task     ] GC(3) Using 2 workers of 2 for evacuation
[2024-02-18T16:12:08.656+0000][gc,phases   ] GC(3)   Pre Evacuate Collection Set: 0.1ms
[2024-02-18T16:12:08.657+0000][gc,phases   ] GC(3)   Merge Heap Roots: 0.1ms
[2024-02-18T16:12:08.657+0000][gc,phases   ] GC(3)   Evacuate Collection Set: 6.2ms
[2024-02-18T16:12:08.657+0000][gc,phases   ] GC(3)   Post Evacuate Collection Set: 0.3ms
[2024-02-18T16:12:08.657+0000][gc,phases   ] GC(3)   Other: 0.1ms
[2024-02-18T16:12:08.657+0000][gc,heap     ] GC(3) Eden regions: 49->0(45)
[2024-02-18T16:12:08.657+0000][gc,heap     ] GC(3) Survivor regions: 2->6(7)
[2024-02-18T16:12:08.657+0000][gc,heap     ] GC(3) Old regions: 9->9
[2024-02-18T16:12:08.657+0000][gc,heap     ] GC(3) Humongous regions: 129->129
[2024-02-18T16:12:08.657+0000][gc,metaspace] GC(3) Metaspace: 33438K(33728K)->33438K(33728K) NonClass: 29487K(29632K)->29487K(29632K) Class: 3950K(4096K)->3950K(4096K)
[2024-02-18T16:12:08.657+0000][gc          ] GC(3) Pause Young (Prepare Mixed) (G1 Evacuation Pause) 187M->142M(1024M) 7.020ms
[2024-02-18T16:12:08.657+0000][gc,cpu      ] GC(3) User=0.01s Sys=0.00s Real=0.01s
[2024-02-18T16:24:59.410+0000][gc,start    ] GC(4) Pause Young (Mixed) (Metadata GC Threshold)
[2024-02-18T16:24:59.413+0000][gc,task     ] GC(4) Using 2 workers of 2 for evacuation
[2024-02-18T16:24:59.420+0000][gc,phases   ] GC(4)   Pre Evacuate Collection Set: 0.1ms
[2024-02-18T16:24:59.420+0000][gc,phases   ] GC(4)   Merge Heap Roots: 0.0ms
[2024-02-18T16:24:59.420+0000][gc,phases   ] GC(4)   Evacuate Collection Set: 6.4ms
[2024-02-18T16:24:59.420+0000][gc,phases   ] GC(4)   Post Evacuate Collection Set: 0.4ms
[2024-02-18T16:24:59.420+0000][gc,phases   ] GC(4)   Other: 0.1ms
[2024-02-18T16:24:59.420+0000][gc,heap     ] GC(4) Eden regions: 19->0(50)
[2024-02-18T16:24:59.420+0000][gc,heap     ] GC(4) Survivor regions: 6->1(7)
[2024-02-18T16:24:59.420+0000][gc,heap     ] GC(4) Old regions: 9->14
[2024-02-18T16:24:59.420+0000][gc,heap     ] GC(4) Humongous regions: 129->129
[2024-02-18T16:24:59.420+0000][gc,metaspace] GC(4) Metaspace: 35660K(36096K)->35660K(36096K) NonClass: 31443K(31680K)->31443K(31680K) Class: 4217K(4416K)->4217K(4416K)
[2024-02-18T16:24:59.420+0000][gc          ] GC(4) Pause Young (Mixed) (Metadata GC Threshold) 160M->143M(1024M) 10.139ms
[2024-02-18T16:24:59.420+0000][gc,cpu      ] GC(4) User=0.02s Sys=0.00s Real=0.01s
[2024-02-18T16:24:59.512+0000][gc,start    ] GC(5) Pause Young (Concurrent Start) (Metadata GC Threshold)
[2024-02-18T16:24:59.512+0000][gc,task     ] GC(5) Using 2 workers of 2 for evacuation
[2024-02-18T16:24:59.516+0000][gc,phases   ] GC(5)   Pre Evacuate Collection Set: 0.2ms
[2024-02-18T16:24:59.516+0000][gc,phases   ] GC(5)   Merge Heap Roots: 0.1ms
[2024-02-18T16:24:59.516+0000][gc,phases   ] GC(5)   Evacuate Collection Set: 3.5ms
[2024-02-18T16:24:59.516+0000][gc,phases   ] GC(5)   Post Evacuate Collection Set: 0.3ms
[2024-02-18T16:24:59.516+0000][gc,phases   ] GC(5)   Other: 0.2ms
[2024-02-18T16:24:59.516+0000][gc,heap     ] GC(5) Eden regions: 2->0(50)
[2024-02-18T16:24:59.517+0000][gc,heap     ] GC(5) Survivor regions: 1->1(7)
[2024-02-18T16:24:59.517+0000][gc,heap     ] GC(5) Old regions: 14->14
[2024-02-18T16:24:59.517+0000][gc,heap     ] GC(5) Humongous regions: 129->129
[2024-02-18T16:24:59.517+0000][gc,metaspace] GC(5) Metaspace: 36001K(36416K)->36001K(36416K) NonClass: 31735K(32000K)->31735K(32000K) Class: 4266K(4416K)->4266K(4416K)
[2024-02-18T16:24:59.517+0000][gc          ] GC(5) Pause Young (Concurrent Start) (Metadata GC Threshold) 144M->142M(1024M) 4.680ms
[2024-02-18T16:24:59.517+0000][gc,cpu      ] GC(5) User=0.01s Sys=0.00s Real=0.01s
[2024-02-18T16:24:59.517+0000][gc          ] GC(6) Concurrent Mark Cycle
[2024-02-18T16:24:59.517+0000][gc,marking  ] GC(6) Concurrent Scan Root Regions
[2024-02-18T16:24:59.518+0000][gc,marking  ] GC(6) Concurrent Scan Root Regions 1.169ms
[2024-02-18T16:24:59.518+0000][gc,marking  ] GC(6) Concurrent Mark
[2024-02-18T16:24:59.518+0000][gc,marking  ] GC(6) Concurrent Mark From Roots
[2024-02-18T16:24:59.518+0000][gc,task     ] GC(6) Using 1 workers of 1 for marking
[2024-02-18T16:24:59.534+0000][gc,marking  ] GC(6) Concurrent Mark From Roots 15.830ms
[2024-02-18T16:24:59.534+0000][gc,marking  ] GC(6) Concurrent Preclean
[2024-02-18T16:24:59.534+0000][gc,marking  ] GC(6) Concurrent Preclean 0.046ms
[2024-02-18T16:24:59.534+0000][gc,start    ] GC(6) Pause Remark
[2024-02-18T16:24:59.538+0000][gc          ] GC(6) Pause Remark 143M->143M(1024M) 4.172ms
[2024-02-18T16:24:59.538+0000][gc,cpu      ] GC(6) User=0.01s Sys=0.00s Real=0.00s
[2024-02-18T16:24:59.538+0000][gc,marking  ] GC(6) Concurrent Mark 20.267ms
[2024-02-18T16:24:59.538+0000][gc,marking  ] GC(6) Concurrent Rebuild Remembered Sets and Scrub Regions
[2024-02-18T16:24:59.543+0000][gc,marking  ] GC(6) Concurrent Rebuild Remembered Sets and Scrub Regions 4.925ms
[2024-02-18T16:24:59.543+0000][gc,start    ] GC(6) Pause Cleanup
[2024-02-18T16:24:59.543+0000][gc          ] GC(6) Pause Cleanup 143M->143M(1024M) 0.139ms
[2024-02-18T16:24:59.543+0000][gc,cpu      ] GC(6) User=0.00s Sys=0.00s Real=0.00s
[2024-02-18T16:24:59.544+0000][gc,marking  ] GC(6) Concurrent Clear Claimed Marks
[2024-02-18T16:24:59.544+0000][gc,marking  ] GC(6) Concurrent Clear Claimed Marks 0.035ms
[2024-02-18T16:24:59.544+0000][gc,marking  ] GC(6) Concurrent Cleanup for Next Mark
[2024-02-18T16:24:59.545+0000][gc,marking  ] GC(6) Concurrent Cleanup for Next Mark 0.911ms
[2024-02-18T16:24:59.545+0000][gc          ] GC(6) Concurrent Mark Cycle 27.891ms
