[2024-02-18T16:11:18.548+0000][gc,init] CardTable entry size: 512
[2024-02-18T16:11:18.548+0000][gc     ] Using G1
[2024-02-18T16:11:18.554+0000][gc,init] Version: 21.0.2+13-LTS (release)
[2024-02-18T16:11:18.554+0000][gc,init] CPUs: 2 total, 2 available
[2024-02-18T16:11:18.554+0000][gc,init] Memory: 7929M
[2024-02-18T16:11:18.554+0000][gc,init] Large Page Support: Disabled
[2024-02-18T16:11:18.554+0000][gc,init] NUMA Support: Disabled
[2024-02-18T16:11:18.555+0000][gc,init] Compressed Oops: Enabled (32-bit)
[2024-02-18T16:11:18.555+0000][gc,init] Heap Region Size: 1M
[2024-02-18T16:11:18.555+0000][gc,init] Heap Min Capacity: 512M
[2024-02-18T16:11:18.555+0000][gc,init] Heap Initial Capacity: 512M
[2024-02-18T16:11:18.555+0000][gc,init] Heap Max Capacity: 512M
[2024-02-18T16:11:18.555+0000][gc,init] Pre-touch: Disabled
[2024-02-18T16:11:18.555+0000][gc,init] Parallel Workers: 2
[2024-02-18T16:11:18.555+0000][gc,init] Concurrent Workers: 1
[2024-02-18T16:11:18.555+0000][gc,init] Concurrent Refinement Workers: 2
[2024-02-18T16:11:18.555+0000][gc,init] Periodic GC: Disabled
[2024-02-18T16:11:18.561+0000][gc,metaspace] CDS archive(s) mapped at: [0x00007f34d7000000-0x00007f34d7ca6000-0x00007f34d7ca6000), size 13262848, SharedBaseAddress: 0x00007f34d7000000, ArchiveRelocationMode: 1.
[2024-02-18T16:11:18.562+0000][gc,metaspace] Compressed class space mapped at: 0x00007f34d8000000-0x00007f3518000000, reserved size: 1073741824
[2024-02-18T16:11:18.562+0000][gc,metaspace] Narrow klass base: 0x00007f34d7000000, Narrow klass shift: 0, Narrow klass range: 0x100000000
